\BOOKMARK [1][-]{Doc-Start}{\376\377\000A\000b\000s\000t\000r\000a\000c\000t}{}% 1
\BOOKMARK [1][-]{section.1}{\376\377\000I\000n\000t\000r\000o\000d\000u\000c\000t\000i\000o\000n}{}% 2
\BOOKMARK [1][-]{section.2}{\376\377\000R\000e\000l\000a\000t\000e\000d\000\040\000W\000o\000r\000k}{}% 3
\BOOKMARK [2][-]{subsection.2.1}{\376\377\000M\000a\000c\000h\000i\000n\000e\000\040\000L\000e\000a\000r\000n\000i\000n\000g\000\040\000i\000n\000\040\000C\000l\000i\000m\000a\000t\000e\000\040\000S\000c\000i\000e\000n\000c\000e}{section.2}% 4
\BOOKMARK [2][-]{subsection.2.2}{\376\377\000S\000o\000c\000i\000o\000e\000c\000o\000n\000o\000m\000i\000c\000\040\000D\000r\000i\000v\000e\000r\000s\000\040\000o\000f\000\040\000C\000a\000r\000b\000o\000n\000\040\000E\000m\000i\000s\000s\000i\000o\000n\000s}{section.2}% 5
\BOOKMARK [2][-]{subsection.2.3}{\376\377\000M\000u\000l\000t\000i\000-\000T\000a\000r\000g\000e\000t\000\040\000E\000n\000v\000i\000r\000o\000n\000m\000e\000n\000t\000a\000l\000\040\000P\000r\000e\000d\000i\000c\000t\000i\000o\000n}{section.2}% 6
\BOOKMARK [2][-]{subsection.2.4}{\376\377\000I\000n\000t\000e\000r\000p\000r\000e\000t\000a\000b\000i\000l\000i\000t\000y\000\040\000i\000n\000\040\000E\000n\000v\000i\000r\000o\000n\000m\000e\000n\000t\000a\000l\000\040\000M\000L}{section.2}% 7
\BOOKMARK [1][-]{section.3}{\376\377\000R\000e\000s\000e\000a\000r\000c\000h\000\040\000G\000a\000p}{}% 8
\BOOKMARK [1][-]{section.4}{\376\377\000P\000u\000r\000p\000o\000s\000e}{}% 9
\BOOKMARK [1][-]{section.5}{\376\377\000O\000b\000j\000e\000c\000t\000i\000v\000e\000s}{}% 10
\BOOKMARK [1][-]{section.6}{\376\377\000E\000x\000p\000l\000o\000r\000a\000t\000o\000r\000y\000\040\000D\000a\000t\000a\000\040\000A\000n\000a\000l\000y\000s\000i\000s}{}% 11
\BOOKMARK [2][-]{subsection.6.1}{\376\377\000T\000e\000m\000p\000o\000r\000a\000l\000\040\000T\000r\000e\000n\000d\000s}{section.6}% 12
\BOOKMARK [2][-]{subsection.6.2}{\376\377\000F\000e\000a\000t\000u\000r\000e\000-\000T\000a\000r\000g\000e\000t\000\040\000R\000e\000l\000a\000t\000i\000o\000n\000s\000h\000i\000p\000s}{section.6}% 13
\BOOKMARK [1][-]{section.7}{\376\377\000M\000e\000t\000h\000o\000d\000o\000l\000o\000g\000y}{}% 14
\BOOKMARK [2][-]{subsection.7.1}{\376\377\000D\000a\000t\000a\000\040\000C\000o\000l\000l\000e\000c\000t\000i\000o\000n\000\040\000\046\000\040\000P\000r\000e\000p\000r\000o\000c\000e\000s\000s\000i\000n\000g}{section.7}% 15
\BOOKMARK [2][-]{subsection.7.2}{\376\377\000F\000e\000a\000t\000u\000r\000e\000\040\000E\000n\000g\000i\000n\000e\000e\000r\000i\000n\000g}{section.7}% 16
\BOOKMARK [2][-]{subsection.7.3}{\376\377\000M\000o\000d\000e\000l\000i\000n\000g\000\040\000F\000r\000a\000m\000e\000w\000o\000r\000k}{section.7}% 17
\BOOKMARK [2][-]{subsection.7.4}{\376\377\000H\000y\000p\000e\000r\000p\000a\000r\000a\000m\000e\000t\000e\000r\000\040\000T\000u\000n\000i\000n\000g}{section.7}% 18
\BOOKMARK [2][-]{subsection.7.5}{\376\377\000E\000v\000a\000l\000u\000a\000t\000i\000o\000n\000\040\000\046\000\040\000I\000n\000t\000e\000r\000p\000r\000e\000t\000a\000t\000i\000o\000n}{section.7}% 19
\BOOKMARK [2][-]{subsection.7.6}{\376\377\000R\000e\000p\000r\000o\000d\000u\000c\000i\000b\000i\000l\000i\000t\000y}{section.7}% 20
\BOOKMARK [1][-]{section.8}{\376\377\000I\000m\000p\000l\000e\000m\000e\000n\000t\000a\000t\000i\000o\000n}{}% 21
\BOOKMARK [2][-]{subsection.8.1}{\376\377\000T\000e\000c\000h\000n\000i\000c\000a\000l\000\040\000S\000t\000a\000c\000k\000\040\000\046\000\040\000A\000r\000c\000h\000i\000t\000e\000c\000t\000u\000r\000e}{section.8}% 22
\BOOKMARK [2][-]{subsection.8.2}{\376\377\000R\000e\000p\000r\000o\000d\000u\000c\000i\000b\000i\000l\000i\000t\000y\000\040\000M\000e\000a\000s\000u\000r\000e\000s}{section.8}% 23
\BOOKMARK [2][-]{subsection.8.3}{\376\377\000K\000e\000y\000\040\000I\000m\000p\000l\000e\000m\000e\000n\000t\000a\000t\000i\000o\000n\000\040\000S\000n\000i\000p\000p\000e\000t\000s}{section.8}% 24
\BOOKMARK [1][-]{section.9}{\376\377\000E\000x\000p\000e\000r\000i\000m\000e\000n\000t\000a\000l\000\040\000R\000e\000s\000u\000l\000t\000s\000\040\000\046\000\040\000E\000v\000a\000l\000u\000a\000t\000i\000o\000n}{}% 25
\BOOKMARK [2][-]{subsection.9.1}{\376\377\000E\000v\000a\000l\000u\000a\000t\000i\000o\000n\000\040\000F\000r\000a\000m\000e\000w\000o\000r\000k}{section.9}% 26
\BOOKMARK [2][-]{subsection.9.2}{\376\377\000M\000o\000d\000e\000l\000\040\000P\000e\000r\000f\000o\000r\000m\000a\000n\000c\000e\000\040\000C\000o\000m\000p\000a\000r\000i\000s\000o\000n}{section.9}% 27
\BOOKMARK [2][-]{subsection.9.3}{\376\377\000I\000n\000t\000e\000r\000p\000r\000e\000t\000a\000t\000i\000o\000n\000\040\000R\000e\000s\000u\000l\000t\000s\000\040\000\050\000S\000H\000A\000P\000\040\000A\000n\000a\000l\000y\000s\000i\000s\000\051}{section.9}% 28
\BOOKMARK [3][-]{subsubsection.9.3.1}{\376\377\000G\000l\000o\000b\000a\000l\000\040\000F\000e\000a\000t\000u\000r\000e\000\040\000I\000m\000p\000o\000r\000t\000a\000n\000c\000e}{subsection.9.3}% 29
\BOOKMARK [3][-]{subsubsection.9.3.2}{\376\377\000M\000a\000r\000g\000i\000n\000a\000l\000\040\000E\000f\000f\000e\000c\000t\000\040\000V\000i\000s\000u\000a\000l\000i\000z\000a\000t\000i\000o\000n}{subsection.9.3}% 30
\BOOKMARK [1][-]{section.10}{\376\377\000C\000o\000m\000p\000a\000r\000a\000t\000i\000v\000e\000\040\000A\000n\000a\000l\000y\000s\000i\000s\000\040\000o\000f\000\040\000M\000o\000d\000e\000l\000s}{}% 31
\BOOKMARK [2][-]{subsection.10.1}{\376\377\000A\000c\000c\000u\000r\000a\000c\000y\000\040\000v\000s\000.\000\040\000C\000o\000m\000p\000l\000e\000x\000i\000t\000y\000\040\000T\000r\000a\000d\000e\000-\000o\000f\000f\000s}{section.10}% 32
\BOOKMARK [2][-]{subsection.10.2}{\376\377\000T\000a\000r\000g\000e\000t\000-\000S\000p\000e\000c\000i\000f\000i\000c\000\040\000M\000o\000d\000e\000l\000\040\000B\000e\000h\000a\000v\000i\000o\000r}{section.10}% 33
\BOOKMARK [3][-]{subsubsection.10.2.1}{\376\377\000C\000O\0002\000\040\000E\000m\000i\000s\000s\000i\000o\000n\000s\000:\000\040\000D\000e\000t\000e\000r\000m\000i\000n\000i\000s\000t\000i\000c\000\040\000P\000r\000e\000d\000i\000c\000t\000a\000b\000i\000l\000i\000t\000y}{subsection.10.2}% 34
\BOOKMARK [3][-]{subsubsection.10.2.2}{\376\377\000T\000e\000m\000p\000e\000r\000a\000t\000u\000r\000e\000\040\000A\000n\000o\000m\000a\000l\000y\000:\000\040\000F\000u\000n\000d\000a\000m\000e\000n\000t\000a\000l\000\040\000P\000r\000e\000d\000i\000c\000t\000a\000b\000i\000l\000i\000t\000y\000\040\000L\000i\000m\000i\000t}{subsection.10.2}% 35
\BOOKMARK [2][-]{subsection.10.3}{\376\377\000P\000r\000a\000c\000t\000i\000c\000a\000l\000\040\000R\000e\000c\000o\000m\000m\000e\000n\000d\000a\000t\000i\000o\000n\000s}{section.10}% 36
\BOOKMARK [1][-]{subsection.10.3}{\376\377\000R\000e\000f\000e\000r\000e\000n\000c\000e\000s}{}% 37
\BOOKMARK [1][-]{subsection.10.3}{\376\377\000A\000p\000p\000e\000n\000d\000i\000x}{}% 38
